Archive member included to satisfy reference by file (symbol)

/usr/lib/gcc/arm-none-eabi/6.3.1/../../../arm-none-eabi/lib/thumb/v7-m/libc_nano.a(lib_a-atexit.o)
                              /usr/lib/gcc/arm-none-eabi/6.3.1/../../../arm-none-eabi/lib/thumb/v7-m/crt0.o (atexit)
/usr/lib/gcc/arm-none-eabi/6.3.1/../../../arm-none-eabi/lib/thumb/v7-m/libc_nano.a(lib_a-exit.o)
                              /usr/lib/gcc/arm-none-eabi/6.3.1/../../../arm-none-eabi/lib/thumb/v7-m/crt0.o (exit)
/usr/lib/gcc/arm-none-eabi/6.3.1/../../../arm-none-eabi/lib/thumb/v7-m/libc_nano.a(lib_a-fini.o)
                              /usr/lib/gcc/arm-none-eabi/6.3.1/../../../arm-none-eabi/lib/thumb/v7-m/crt0.o (__libc_fini_array)
/usr/lib/gcc/arm-none-eabi/6.3.1/../../../arm-none-eabi/lib/thumb/v7-m/libc_nano.a(lib_a-impure.o)
                              /usr/lib/gcc/arm-none-eabi/6.3.1/../../../arm-none-eabi/lib/thumb/v7-m/libc_nano.a(lib_a-exit.o) (_global_impure_ptr)
/usr/lib/gcc/arm-none-eabi/6.3.1/../../../arm-none-eabi/lib/thumb/v7-m/libc_nano.a(lib_a-init.o)
                              /usr/lib/gcc/arm-none-eabi/6.3.1/../../../arm-none-eabi/lib/thumb/v7-m/crt0.o (__libc_init_array)
/usr/lib/gcc/arm-none-eabi/6.3.1/../../../arm-none-eabi/lib/thumb/v7-m/libc_nano.a(lib_a-memset.o)
                              /usr/lib/gcc/arm-none-eabi/6.3.1/../../../arm-none-eabi/lib/thumb/v7-m/crt0.o (memset)
/usr/lib/gcc/arm-none-eabi/6.3.1/../../../arm-none-eabi/lib/thumb/v7-m/libc_nano.a(lib_a-__atexit.o)
                              /usr/lib/gcc/arm-none-eabi/6.3.1/../../../arm-none-eabi/lib/thumb/v7-m/libc_nano.a(lib_a-atexit.o) (__register_exitproc)
/usr/lib/gcc/arm-none-eabi/6.3.1/../../../arm-none-eabi/lib/thumb/v7-m/libc_nano.a(lib_a-__call_atexit.o)
                              /usr/lib/gcc/arm-none-eabi/6.3.1/../../../arm-none-eabi/lib/thumb/v7-m/libc_nano.a(lib_a-__atexit.o) (__call_exitprocs)
/usr/lib/gcc/arm-none-eabi/6.3.1/../../../arm-none-eabi/lib/thumb/v7-m/libnosys.a(_exit.o)
                              /usr/lib/gcc/arm-none-eabi/6.3.1/../../../arm-none-eabi/lib/thumb/v7-m/libc_nano.a(lib_a-exit.o) (_exit)

Allocating common symbols
Common symbol       size              file

hi2c1               0x54              build/i2c.o
uwTick              0x4               build/stm32f1xx_hal.o
pFlash              0x20              build/stm32f1xx_hal_flash.o

Discarded input sections

 .text          0x0000000000000000        0x0 /usr/lib/gcc/arm-none-eabi/6.3.1/thumb/v7-m/crti.o
 .data          0x0000000000000000        0x0 /usr/lib/gcc/arm-none-eabi/6.3.1/thumb/v7-m/crti.o
 .bss           0x0000000000000000        0x0 /usr/lib/gcc/arm-none-eabi/6.3.1/thumb/v7-m/crti.o
 .data          0x0000000000000000        0x4 /usr/lib/gcc/arm-none-eabi/6.3.1/thumb/v7-m/crtbegin.o
 .text          0x0000000000000000       0x68 /usr/lib/gcc/arm-none-eabi/6.3.1/../../../arm-none-eabi/lib/thumb/v7-m/crt0.o
 .data          0x0000000000000000        0x0 /usr/lib/gcc/arm-none-eabi/6.3.1/../../../arm-none-eabi/lib/thumb/v7-m/crt0.o
 .bss           0x0000000000000000        0x0 /usr/lib/gcc/arm-none-eabi/6.3.1/../../../arm-none-eabi/lib/thumb/v7-m/crt0.o
 .ARM.extab     0x0000000000000000        0x0 /usr/lib/gcc/arm-none-eabi/6.3.1/../../../arm-none-eabi/lib/thumb/v7-m/crt0.o
 .ARM.exidx     0x0000000000000000        0x8 /usr/lib/gcc/arm-none-eabi/6.3.1/../../../arm-none-eabi/lib/thumb/v7-m/crt0.o
 .debug_line    0x0000000000000000       0x7e /usr/lib/gcc/arm-none-eabi/6.3.1/../../../arm-none-eabi/lib/thumb/v7-m/crt0.o
 .debug_info    0x0000000000000000       0xa3 /usr/lib/gcc/arm-none-eabi/6.3.1/../../../arm-none-eabi/lib/thumb/v7-m/crt0.o
 .debug_abbrev  0x0000000000000000       0x14 /usr/lib/gcc/arm-none-eabi/6.3.1/../../../arm-none-eabi/lib/thumb/v7-m/crt0.o
 .debug_aranges
                0x0000000000000000       0x20 /usr/lib/gcc/arm-none-eabi/6.3.1/../../../arm-none-eabi/lib/thumb/v7-m/crt0.o
 .ARM.attributes
                0x0000000000000000       0x1b /usr/lib/gcc/arm-none-eabi/6.3.1/../../../arm-none-eabi/lib/thumb/v7-m/crt0.o
 .text          0x0000000000000000        0x0 build/main.o
 .data          0x0000000000000000        0x0 build/main.o
 .bss           0x0000000000000000        0x0 build/main.o
 .text          0x0000000000000000        0x0 build/gpio.o
 .data          0x0000000000000000        0x0 build/gpio.o
 .bss           0x0000000000000000        0x0 build/gpio.o
 .text          0x0000000000000000        0x0 build/i2c.o
 .data          0x0000000000000000        0x0 build/i2c.o
 .bss           0x0000000000000000        0x0 build/i2c.o
 .text.HAL_I2C_MspDeInit
                0x0000000000000000       0x2c build/i2c.o
 .text          0x0000000000000000        0x0 build/OLED_SSD1306.o
 .data          0x0000000000000000        0x0 build/OLED_SSD1306.o
 .bss           0x0000000000000000        0x0 build/OLED_SSD1306.o
 .text.OLED_close
                0x0000000000000000       0x16 build/OLED_SSD1306.o
[...]
Memory Configuration

Name             Origin             Length             Attributes
RAM              0x0000000020000000 0x0000000000010000 xrw
FLASH            0x0000000008000000 0x0000000000080000 xr
*default*        0x0000000000000000 0xffffffffffffffff

Linker script and memory map

LOAD /usr/lib/gcc/arm-none-eabi/6.3.1/thumb/v7-m/crti.o
LOAD /usr/lib/gcc/arm-none-eabi/6.3.1/thumb/v7-m/crtbegin.o
LOAD /usr/lib/gcc/arm-none-eabi/6.3.1/../../../arm-none-eabi/lib/thumb/v7-m/crt0.o
LOAD build/main.o
LOAD build/gpio.o
LOAD build/i2c.o
LOAD build/OLED_SSD1306.o
LOAD build/stm32f1xx_it.o
LOAD build/stm32f1xx_hal_msp.o
LOAD build/stm32f1xx_hal_gpio_ex.o
LOAD build/stm32f1xx_hal_i2c.o
LOAD build/stm32f1xx_hal.o
LOAD build/stm32f1xx_hal_rcc.o
LOAD build/stm32f1xx_hal_rcc_ex.o
LOAD build/stm32f1xx_hal_gpio.o
LOAD build/stm32f1xx_hal_dma.o
LOAD build/stm32f1xx_hal_cortex.o
LOAD build/stm32f1xx_hal_pwr.o
LOAD build/stm32f1xx_hal_flash.o
LOAD build/stm32f1xx_hal_flash_ex.o
LOAD build/stm32f1xx_hal_exti.o
LOAD build/stm32f1xx_hal_tim.o
LOAD build/stm32f1xx_hal_tim_ex.o
LOAD build/system_stm32f1xx.o
LOAD build/startup_stm32f103xe.o
LOAD /usr/lib/gcc/arm-none-eabi/6.3.1/../../../arm-none-eabi/lib/thumb/v7-m/libc_nano.a
LOAD /usr/lib/gcc/arm-none-eabi/6.3.1/../../../arm-none-eabi/lib/thumb/v7-m/libm.a
LOAD /usr/lib/gcc/arm-none-eabi/6.3.1/../../../arm-none-eabi/lib/thumb/v7-m/libnosys.a
START GROUP
LOAD /usr/lib/gcc/arm-none-eabi/6.3.1/thumb/v7-m/libgcc.a
LOAD /usr/lib/gcc/arm-none-eabi/6.3.1/../../../arm-none-eabi/lib/thumb/v7-m/libc_nano.a
END GROUP
START GROUP
LOAD /usr/lib/gcc/arm-none-eabi/6.3.1/thumb/v7-m/libgcc.a
LOAD /usr/lib/gcc/arm-none-eabi/6.3.1/../../../arm-none-eabi/lib/thumb/v7-m/libc_nano.a
END GROUP
LOAD /usr/lib/gcc/arm-none-eabi/6.3.1/thumb/v7-m/crtend.o
LOAD /usr/lib/gcc/arm-none-eabi/6.3.1/thumb/v7-m/crtn.o
                0x0000000020010000                _estack = 0x20010000
                0x0000000000000200                _Min_Heap_Size = 0x200
                0x0000000000000400                _Min_Stack_Size = 0x400

.isr_vector     0x0000000008000000      0x1e4
                0x0000000008000000                . = ALIGN (0x4)
 *(.isr_vector)
 .isr_vector    0x0000000008000000      0x1e4 build/startup_stm32f103xe.o
                0x0000000008000000                g_pfnVectors
                0x00000000080001e4                . = ALIGN (0x4)

.text           0x00000000080001e4     0x14b8
                0x00000000080001e4                . = ALIGN (0x4)
 *(.text)
 .text          0x00000000080001e4       0xa4 /usr/lib/gcc/arm-none-eabi/6.3.1/thumb/v7-m/crtbegin.o
 .text          0x0000000008000288       0x50 /usr/lib/gcc/arm-none-eabi/6.3.1/../../../arm-none-eabi/lib/thumb/v7-m/libc_nano.a(lib_a-init.o)
                0x0000000008000288                __libc_init_array
 .text          0x00000000080002d8       0x9c /usr/lib/gcc/arm-none-eabi/6.3.1/../../../arm-none-eabi/lib/thumb/v7-m/libc_nano.a(lib_a-memset.o)
                0x00000000080002d8                memset
 *(.text*)
 .text.SystemClock_Config
                0x0000000008000374       0x54 build/main.o
                0x0000000008000374                SystemClock_Config
 .text.main     0x00000000080003c8       0x2c build/main.o
                0x00000000080003c8                main
 .text.Error_Handler
                0x00000000080003f4        0x2 build/main.o
                0x00000000080003f4                Error_Handler
 *fill*         0x00000000080003f6        0x2 
 .text.MX_GPIO_Init
                0x00000000080003f8       0x30 build/gpio.o
                0x00000000080003f8                MX_GPIO_Init
 .text.MX_I2C1_Init
                0x0000000008000428       0x3c build/i2c.o
                0x0000000008000428                MX_I2C1_Init
 .text.HAL_I2C_MspInit
                0x0000000008000464       0x64 build/i2c.o
                0x0000000008000464                HAL_I2C_MspInit
 .text.OLED_Write_Order
                0x00000000080004c8       0x2c build/OLED_SSD1306.o
                0x00000000080004c8                OLED_Write_Order
 .text.OLED_Write_Data
                0x00000000080004f4       0x2c build/OLED_SSD1306.o
                0x00000000080004f4                OLED_Write_Data
 .text.OLED_Init
                0x0000000008000520       0x24 build/OLED_SSD1306.o
                0x0000000008000520                OLED_Init
 .text.OLED_clear
                0x0000000008000544       0x3a build/OLED_SSD1306.o
                0x0000000008000544                OLED_clear
 .text.OLED_open
                0x000000000800057e       0x16 build/OLED_SSD1306.o
                0x000000000800057e                OLED_open
 .text.OLED_Display_Char
                0x0000000008000594       0x64 build/OLED_SSD1306.o
                0x0000000008000594                OLED_Display_Char
 .text.OLED_Display_String
                0x00000000080005f8       0x26 build/OLED_SSD1306.o
                0x00000000080005f8                OLED_Display_String
 .text.NMI_Handler
                0x000000000800061e        0x2 build/stm32f1xx_it.o
                0x000000000800061e                NMI_Handler
 .text.HardFault_Handler
                0x0000000008000620        0x2 build/stm32f1xx_it.o
                0x0000000008000620                HardFault_Handler
 .text.MemManage_Handler
                0x0000000008000622        0x2 build/stm32f1xx_it.o
                0x0000000008000622                MemManage_Handler
 .text.BusFault_Handler
                0x0000000008000624        0x2 build/stm32f1xx_it.o
                0x0000000008000624                BusFault_Handler
 .text.UsageFault_Handler
                0x0000000008000626        0x2 build/stm32f1xx_it.o
                0x0000000008000626                UsageFault_Handler
 .text.SVC_Handler
                0x0000000008000628        0x2 build/stm32f1xx_it.o
                0x0000000008000628                SVC_Handler
 .text.DebugMon_Handler
                0x000000000800062a        0x2 build/stm32f1xx_it.o
                0x000000000800062a                DebugMon_Handler
 .text.PendSV_Handler
                0x000000000800062c        0x2 build/stm32f1xx_it.o
                0x000000000800062c                PendSV_Handler
 .text.SysTick_Handler
                0x000000000800062e        0x8 build/stm32f1xx_it.o
                0x000000000800062e                SysTick_Handler
 *fill*         0x0000000008000636        0x2 
 .text.HAL_MspInit
                0x0000000008000638       0x44 build/stm32f1xx_hal_msp.o
                0x0000000008000638                HAL_MspInit
 .text.I2C_IsAcknowledgeFailed
                0x000000000800067c       0x32 build/stm32f1xx_hal_i2c.o
 .text.I2C_WaitOnFlagUntilTimeout
                0x00000000080006ae       0x70 build/stm32f1xx_hal_i2c.o
 .text.I2C_WaitOnMasterAddressFlagUntilTimeout
                0x000000000800071e       0xa4 build/stm32f1xx_hal_i2c.o
 .text.I2C_WaitOnTXEFlagUntilTimeout
                0x00000000080007c2       0x54 build/stm32f1xx_hal_i2c.o
 *fill*         0x0000000008000816        0x2 
 .text.I2C_RequestMemoryWrite
                0x0000000008000818       0xcc build/stm32f1xx_hal_i2c.o
 .text.I2C_WaitOnBTFFlagUntilTimeout
                0x00000000080008e4       0x54 build/stm32f1xx_hal_i2c.o
 .text.HAL_I2C_Init
                0x0000000008000938      0x1a0 build/stm32f1xx_hal_i2c.o
                0x0000000008000938                HAL_I2C_Init
 .text.HAL_I2C_Mem_Write
                0x0000000008000ad8      0x168 build/stm32f1xx_hal_i2c.o
                0x0000000008000ad8                HAL_I2C_Mem_Write
 .text.HAL_InitTick
                0x0000000008000c40       0x4c build/stm32f1xx_hal.o
                0x0000000008000c40                HAL_InitTick
 .text.HAL_Init
                0x0000000008000c8c       0x24 build/stm32f1xx_hal.o
                0x0000000008000c8c                HAL_Init
 .text.HAL_IncTick
                0x0000000008000cb0       0x18 build/stm32f1xx_hal.o
                0x0000000008000cb0                HAL_IncTick
 .text.HAL_GetTick
                0x0000000008000cc8        0xc build/stm32f1xx_hal.o
                0x0000000008000cc8                HAL_GetTick
 .text.HAL_Delay
                0x0000000008000cd4       0x28 build/stm32f1xx_hal.o
                0x0000000008000cd4                HAL_Delay
 .text.RCC_Delay
                0x0000000008000cfc       0x2c build/stm32f1xx_hal_rcc.o
 .text.HAL_RCC_OscConfig
                0x0000000008000d28      0x410 build/stm32f1xx_hal_rcc.o
                0x0000000008000d28                HAL_RCC_OscConfig
 .text.HAL_RCC_GetSysClockFreq
                0x0000000008001138       0x6c build/stm32f1xx_hal_rcc.o
                0x0000000008001138                HAL_RCC_GetSysClockFreq
 .text.HAL_RCC_ClockConfig
                0x00000000080011a4      0x168 build/stm32f1xx_hal_rcc.o
                0x00000000080011a4                HAL_RCC_ClockConfig
 .text.HAL_RCC_GetHCLKFreq
                0x000000000800130c        0xc build/stm32f1xx_hal_rcc.o
                0x000000000800130c                HAL_RCC_GetHCLKFreq
 .text.HAL_RCC_GetPCLK1Freq
                0x0000000008001318       0x20 build/stm32f1xx_hal_rcc.o
                0x0000000008001318                HAL_RCC_GetPCLK1Freq
 .text.HAL_GPIO_Init
                0x0000000008001338      0x200 build/stm32f1xx_hal_gpio.o
                0x0000000008001338                HAL_GPIO_Init
 .text.HAL_NVIC_SetPriorityGrouping
                0x0000000008001538       0x24 build/stm32f1xx_hal_cortex.o
                0x0000000008001538                HAL_NVIC_SetPriorityGrouping
 .text.HAL_NVIC_SetPriority
                0x000000000800155c       0x64 build/stm32f1xx_hal_cortex.o
                0x000000000800155c                HAL_NVIC_SetPriority
 .text.HAL_SYSTICK_Config
                0x00000000080015c0       0x2c build/stm32f1xx_hal_cortex.o
                0x00000000080015c0                HAL_SYSTICK_Config
 .text.SystemInit
                0x00000000080015ec       0x4c build/system_stm32f1xx.o
                0x00000000080015ec                SystemInit
 .text.Reset_Handler
                0x0000000008001638       0x48 build/startup_stm32f103xe.o
                0x0000000008001638                Reset_Handler
 .text.Default_Handler
                0x0000000008001680        0x2 build/startup_stm32f103xe.o
                0x0000000008001680                RTC_Alarm_IRQHandler
                0x0000000008001680                EXTI2_IRQHandler
                0x0000000008001680                TIM8_TRG_COM_IRQHandler
                0x0000000008001680                TIM8_CC_IRQHandler
                0x0000000008001680                TIM1_CC_IRQHandler
                0x0000000008001680                TIM6_IRQHandler
                0x0000000008001680                PVD_IRQHandler
                0x0000000008001680                SDIO_IRQHandler
                0x0000000008001680                EXTI3_IRQHandler
                0x0000000008001680                EXTI0_IRQHandler
                0x0000000008001680                I2C2_EV_IRQHandler
                0x0000000008001680                ADC1_2_IRQHandler
                0x0000000008001680                SPI1_IRQHandler
                0x0000000008001680                TAMPER_IRQHandler
                0x0000000008001680                TIM8_UP_IRQHandler
                0x0000000008001680                DMA2_Channel2_IRQHandler
                0x0000000008001680                DMA1_Channel4_IRQHandler
                0x0000000008001680                USART3_IRQHandler
                0x0000000008001680                RTC_IRQHandler
                0x0000000008001680                DMA1_Channel7_IRQHandler
                0x0000000008001680                CAN1_RX1_IRQHandler
                0x0000000008001680                UART5_IRQHandler
                0x0000000008001680                ADC3_IRQHandler
                0x0000000008001680                TIM4_IRQHandler
                0x0000000008001680                DMA2_Channel1_IRQHandler
                0x0000000008001680                I2C1_EV_IRQHandler
                0x0000000008001680                DMA1_Channel6_IRQHandler
                0x0000000008001680                UART4_IRQHandler
                0x0000000008001680                TIM3_IRQHandler
                0x0000000008001680                RCC_IRQHandler
                0x0000000008001680                TIM1_TRG_COM_IRQHandler
                0x0000000008001680                DMA1_Channel1_IRQHandler
                0x0000000008001680                Default_Handler
                0x0000000008001680                EXTI15_10_IRQHandler
                0x0000000008001680                TIM7_IRQHandler
                0x0000000008001680                TIM5_IRQHandler
                0x0000000008001680                EXTI9_5_IRQHandler
                0x0000000008001680                SPI2_IRQHandler
                0x0000000008001680                DMA1_Channel5_IRQHandler
                0x0000000008001680                EXTI4_IRQHandler
                0x0000000008001680                USB_LP_CAN1_RX0_IRQHandler
                0x0000000008001680                USB_HP_CAN1_TX_IRQHandler
                0x0000000008001680                DMA1_Channel3_IRQHandler
                0x0000000008001680                FSMC_IRQHandler
                0x0000000008001680                TIM1_UP_IRQHandler
                0x0000000008001680                WWDG_IRQHandler
                0x0000000008001680                TIM2_IRQHandler
                0x0000000008001680                TIM1_BRK_IRQHandler
                0x0000000008001680                EXTI1_IRQHandler
                0x0000000008001680                DMA2_Channel4_5_IRQHandler
                0x0000000008001680                USART2_IRQHandler
                0x0000000008001680                I2C2_ER_IRQHandler
                0x0000000008001680                DMA1_Channel2_IRQHandler
                0x0000000008001680                TIM8_BRK_IRQHandler
                0x0000000008001680                CAN1_SCE_IRQHandler
                0x0000000008001680                FLASH_IRQHandler
                0x0000000008001680                USART1_IRQHandler
                0x0000000008001680                SPI3_IRQHandler
                0x0000000008001680                I2C1_ER_IRQHandler
                0x0000000008001680                USBWakeUp_IRQHandler
                0x0000000008001680                DMA2_Channel3_IRQHandler
 *(.glue_7)
 .glue_7        0x0000000008001682        0x0 linker stubs
 *(.glue_7t)
 .glue_7t       0x0000000008001682        0x0 linker stubs
 *(.eh_frame)
 *fill*         0x0000000008001682        0x2 
 .eh_frame      0x0000000008001684        0x0 /usr/lib/gcc/arm-none-eabi/6.3.1/thumb/v7-m/crtbegin.o
 *(.init)
 .init          0x0000000008001684        0x4 /usr/lib/gcc/arm-none-eabi/6.3.1/thumb/v7-m/crti.o
                0x0000000008001684                _init
 .init          0x0000000008001688        0x8 /usr/lib/gcc/arm-none-eabi/6.3.1/thumb/v7-m/crtn.o
 *(.fini)
 .fini          0x0000000008001690        0x4 /usr/lib/gcc/arm-none-eabi/6.3.1/thumb/v7-m/crti.o
                0x0000000008001690                _fini
 .fini          0x0000000008001694        0x8 /usr/lib/gcc/arm-none-eabi/6.3.1/thumb/v7-m/crtn.o
                0x000000000800169c                . = ALIGN (0x4)
                0x000000000800169c                _etext = .

.vfp11_veneer   0x000000000800169c        0x0
 .vfp11_veneer  0x000000000800169c        0x0 linker stubs

.v4_bx          0x000000000800169c        0x0
 .v4_bx         0x000000000800169c        0x0 linker stubs

.iplt           0x000000000800169c        0x0
 .iplt          0x000000000800169c        0x0 /usr/lib/gcc/arm-none-eabi/6.3.1/thumb/v7-m/crtbegin.o

.rodata         0x000000000800169c      0x638
                0x000000000800169c                . = ALIGN (0x4)
 *(.rodata)
 .rodata        0x000000000800169c       0x12 build/stm32f1xx_hal_rcc.o
 *(.rodata*)
 *fill*         0x00000000080016ae        0x2 
 .rodata.main.str1.4
                0x00000000080016b0        0x7 build/main.o
 *fill*         0x00000000080016b7        0x1 
 .rodata.ASCII_8x16
                0x00000000080016b8      0x600 build/OLED_SSD1306.o
                0x00000000080016b8                ASCII_8x16
 .rodata.OLED_Display_Char.str1.4
                0x0000000008001cb8        0x4 build/OLED_SSD1306.o
                                          0x2 (size before relaxing)
 .rodata.AHBPrescTable
                0x0000000008001cbc       0x10 build/system_stm32f1xx.o
                0x0000000008001cbc                AHBPrescTable
 .rodata.APBPrescTable
                0x0000000008001ccc        0x8 build/system_stm32f1xx.o
                0x0000000008001ccc                APBPrescTable
                0x0000000008001cd4                . = ALIGN (0x4)

.rel.dyn        0x0000000008001cd4        0x0
 .rel.iplt      0x0000000008001cd4        0x0 /usr/lib/gcc/arm-none-eabi/6.3.1/thumb/v7-m/crtbegin.o

.ARM.extab
 *(.ARM.extab* .gnu.linkonce.armextab.*)

.ARM            0x0000000008001cd4        0x0
                0x0000000008001cd4                __exidx_start = .
 *(.ARM.exidx*)
                0x0000000008001cd4                __exidx_end = .

.preinit_array  0x0000000008001cd4        0x0
                0x0000000008001cd4                PROVIDE (__preinit_array_start, .)
 *(.preinit_array*)
                0x0000000008001cd4                PROVIDE (__preinit_array_end, .)

.init_array     0x0000000008001cd4        0x4
                0x0000000008001cd4                PROVIDE (__init_array_start, .)
 *(SORT(.init_array.*))
 *(.init_array*)
 .init_array    0x0000000008001cd4        0x4 /usr/lib/gcc/arm-none-eabi/6.3.1/thumb/v7-m/crtbegin.o
                0x0000000008001cd8                PROVIDE (__init_array_end, .)

.fini_array     0x0000000008001cd8        0x4
                0x0000000008001cd8                PROVIDE (__fini_array_start, .)
 *(SORT(.fini_array.*))
 *(.fini_array*)
 .fini_array    0x0000000008001cd8        0x4 /usr/lib/gcc/arm-none-eabi/6.3.1/thumb/v7-m/crtbegin.o
                0x0000000008001cdc                PROVIDE (__fini_array_end, .)
                0x0000000008001cdc                _sidata = LOADADDR (.data)

.data           0x0000000020000000       0x24 load address 0x0000000008001cdc
                0x0000000020000000                . = ALIGN (0x4)
                0x0000000020000000                _sdata = .
 *(.data)
 *(.data*)
 .data.Init_Data
                0x0000000020000000       0x1b build/OLED_SSD1306.o
                0x0000000020000000                Init_Data
 .data.uwTickFreq
                0x000000002000001b        0x1 build/stm32f1xx_hal.o
                0x000000002000001b                uwTickFreq
 .data.uwTickPrio
                0x000000002000001c        0x4 build/stm32f1xx_hal.o
                0x000000002000001c                uwTickPrio
 .data.SystemCoreClock
                0x0000000020000020        0x4 build/system_stm32f1xx.o
                0x0000000020000020                SystemCoreClock
                0x0000000020000024                . = ALIGN (0x4)
                0x0000000020000024                _edata = .

.jcr            0x0000000020000024        0x0 load address 0x0000000008001d00
 .jcr           0x0000000020000024        0x0 /usr/lib/gcc/arm-none-eabi/6.3.1/thumb/v7-m/crtbegin.o

.tm_clone_table
                0x0000000020000024        0x0 load address 0x0000000008001d00
 .tm_clone_table
                0x0000000020000024        0x0 /usr/lib/gcc/arm-none-eabi/6.3.1/thumb/v7-m/crtbegin.o
 .tm_clone_table
                0x0000000020000024        0x0 /usr/lib/gcc/arm-none-eabi/6.3.1/thumb/v7-m/crtend.o

.igot.plt       0x0000000020000024        0x0 load address 0x0000000008001d00
 .igot.plt      0x0000000020000024        0x0 /usr/lib/gcc/arm-none-eabi/6.3.1/thumb/v7-m/crtbegin.o
                0x0000000020000024                . = ALIGN (0x4)

.bss            0x0000000020000024       0x74 load address 0x0000000008001d00
                0x0000000020000024                _sbss = .
                0x0000000020000024                __bss_start__ = _sbss
 *(.bss)
 .bss           0x0000000020000024       0x1c /usr/lib/gcc/arm-none-eabi/6.3.1/thumb/v7-m/crtbegin.o
 *(.bss*)
 *(COMMON)
 COMMON         0x0000000020000040       0x54 build/i2c.o
                0x0000000020000040                hi2c1
 COMMON         0x0000000020000094        0x4 build/stm32f1xx_hal.o
                0x0000000020000094                uwTick
                0x0000000020000098                . = ALIGN (0x4)
                0x0000000020000098                _ebss = .
                0x0000000020000098                __bss_end__ = _ebss

._user_heap_stack
                0x0000000020000098      0x600 load address 0x0000000008001d00
                0x0000000020000098                . = ALIGN (0x8)
                [!provide]                        PROVIDE (end, .)
                [!provide]                        PROVIDE (_end, .)
                0x0000000020000298                . = (. + _Min_Heap_Size)
 *fill*         0x0000000020000098      0x200 
                0x0000000020000698                . = (. + _Min_Stack_Size)
 *fill*         0x0000000020000298      0x400 
                0x0000000020000698                . = ALIGN (0x8)

/DISCARD/
 libc.a(*)
 libm.a(*)
 libgcc.a(*)

.ARM.attributes
                0x0000000000000000       0x29
 *(.ARM.attributes)
 .ARM.attributes
                0x0000000000000000       0x1d /usr/lib/gcc/arm-none-eabi/6.3.1/thumb/v7-m/crti.o
 .ARM.attributes
                0x000000000000001d       0x2d /usr/lib/gcc/arm-none-eabi/6.3.1/thumb/v7-m/crtbegin.o
 .ARM.attributes
                0x000000000000004a       0x33 build/main.o
 .ARM.attributes
                0x000000000000007d       0x33 build/gpio.o
 .ARM.attributes
                0x00000000000000b0       0x33 build/i2c.o
 .ARM.attributes
                0x00000000000000e3       0x33 build/OLED_SSD1306.o
 .ARM.attributes
                0x0000000000000116       0x33 build/stm32f1xx_it.o
 .ARM.attributes
                0x0000000000000149       0x33 build/stm32f1xx_hal_msp.o
 .ARM.attributes
                0x000000000000017c       0x33 build/stm32f1xx_hal_i2c.o
 .ARM.attributes
                0x00000000000001af       0x33 build/stm32f1xx_hal.o
 .ARM.attributes
                0x00000000000001e2       0x33 build/stm32f1xx_hal_rcc.o
 .ARM.attributes
                0x0000000000000215       0x33 build/stm32f1xx_hal_gpio.o
 .ARM.attributes
                0x0000000000000248       0x33 build/stm32f1xx_hal_cortex.o
 .ARM.attributes
                0x000000000000027b       0x33 build/system_stm32f1xx.o
 .ARM.attributes
                0x00000000000002ae       0x21 build/startup_stm32f103xe.o
 .ARM.attributes
                0x00000000000002cf       0x2d /usr/lib/gcc/arm-none-eabi/6.3.1/../../../arm-none-eabi/lib/thumb/v7-m/libc_nano.a(lib_a-init.o)
 .ARM.attributes
                0x00000000000002fc       0x2d /usr/lib/gcc/arm-none-eabi/6.3.1/../../../arm-none-eabi/lib/thumb/v7-m/libc_nano.a(lib_a-memset.o)
 .ARM.attributes
                0x0000000000000329       0x2d /usr/lib/gcc/arm-none-eabi/6.3.1/thumb/v7-m/crtend.o
 .ARM.attributes
                0x0000000000000356       0x1d /usr/lib/gcc/arm-none-eabi/6.3.1/thumb/v7-m/crtn.o
OUTPUT(build/OLED_SSD1306.elf elf32-littlearm)

.comment        0x0000000000000000       0x31
 .comment       0x0000000000000000       0x31 /usr/lib/gcc/arm-none-eabi/6.3.1/thumb/v7-m/crtbegin.o
                                         0x32 (size before relaxing)
 .comment       0x0000000000000031       0x32 build/main.o
 .comment       0x0000000000000031       0x32 build/gpio.o
 .comment       0x0000000000000031       0x32 build/i2c.o
 .comment       0x0000000000000031       0x32 build/OLED_SSD1306.o
 .comment       0x0000000000000031       0x32 build/stm32f1xx_it.o
 .comment       0x0000000000000031       0x32 build/stm32f1xx_hal_msp.o
 .comment       0x0000000000000031       0x32 build/stm32f1xx_hal_i2c.o
 .comment       0x0000000000000031       0x32 build/stm32f1xx_hal.o
 .comment       0x0000000000000031       0x32 build/stm32f1xx_hal_rcc.o
 .comment       0x0000000000000031       0x32 build/stm32f1xx_hal_gpio.o
 .comment       0x0000000000000031       0x32 build/stm32f1xx_hal_cortex.o
 .comment       0x0000000000000031       0x32 build/system_stm32f1xx.o
 .comment       0x0000000000000031       0x32 /usr/lib/gcc/arm-none-eabi/6.3.1/../../../arm-none-eabi/lib/thumb/v7-m/libc_nano.a(lib_a-init.o)
 .comment       0x0000000000000031       0x32 /usr/lib/gcc/arm-none-eabi/6.3.1/../../../arm-none-eabi/lib/thumb/v7-m/libc_nano.a(lib_a-memset.o)
 .comment       0x0000000000000031       0x32 /usr/lib/gcc/arm-none-eabi/6.3.1/thumb/v7-m/crtend.o

.debug_info     0x0000000000000000     0x9202
 .debug_info    0x0000000000000000      0x975 build/main.o
 .debug_info    0x0000000000000975      0x26e build/gpio.o
 .debug_info    0x0000000000000be3      0x98c build/i2c.o
 .debug_info    0x000000000000156f      0xa95 build/OLED_SSD1306.o
 .debug_info    0x0000000000002004      0x24d build/stm32f1xx_it.o
 .debug_info    0x0000000000002251      0x2ff build/stm32f1xx_hal_msp.o
 .debug_info    0x0000000000002550     0x356e build/stm32f1xx_hal_i2c.o
 .debug_info    0x0000000000005abe      0x8c1 build/stm32f1xx_hal.o
 .debug_info    0x000000000000637f      0xa9d build/stm32f1xx_hal_rcc.o
 .debug_info    0x0000000000006e1c      0x704 build/stm32f1xx_hal_gpio.o
 .debug_info    0x0000000000007520      0xdc0 build/stm32f1xx_hal_cortex.o
 .debug_info    0x00000000000082e0      0x48e build/system_stm32f1xx.o
 .debug_info    0x000000000000876e       0x6e build/startup_stm32f103xe.o
 .debug_info    0x00000000000087dc      0x110 /usr/lib/gcc/arm-none-eabi/6.3.1/../../../arm-none-eabi/lib/thumb/v7-m/libc_nano.a(lib_a-init.o)
 .debug_info    0x00000000000088ec      0x916 /usr/lib/gcc/arm-none-eabi/6.3.1/../../../arm-none-eabi/lib/thumb/v7-m/libc_nano.a(lib_a-memset.o)

.debug_abbrev   0x0000000000000000     0x187d
 .debug_abbrev  0x0000000000000000      0x1d4 build/main.o
 .debug_abbrev  0x00000000000001d4      0x106 build/gpio.o
 .debug_abbrev  0x00000000000002da      0x1c8 build/i2c.o
 .debug_abbrev  0x00000000000004a2      0x1e4 build/OLED_SSD1306.o
 .debug_abbrev  0x0000000000000686       0xe2 build/stm32f1xx_it.o
 .debug_abbrev  0x0000000000000768      0x106 build/stm32f1xx_hal_msp.o
 .debug_abbrev  0x000000000000086e      0x2e8 build/stm32f1xx_hal_i2c.o
 .debug_abbrev  0x0000000000000b56      0x1fc build/stm32f1xx_hal.o
 .debug_abbrev  0x0000000000000d52      0x270 build/stm32f1xx_hal_rcc.o
 .debug_abbrev  0x0000000000000fc2      0x211 build/stm32f1xx_hal_gpio.o
 .debug_abbrev  0x00000000000011d3      0x316 build/stm32f1xx_hal_cortex.o
 .debug_abbrev  0x00000000000014e9      0x131 build/system_stm32f1xx.o
 .debug_abbrev  0x000000000000161a       0x12 build/startup_stm32f103xe.o
 .debug_abbrev  0x000000000000162c       0xba /usr/lib/gcc/arm-none-eabi/6.3.1/../../../arm-none-eabi/lib/thumb/v7-m/libc_nano.a(lib_a-init.o)
 .debug_abbrev  0x00000000000016e6      0x197 /usr/lib/gcc/arm-none-eabi/6.3.1/../../../arm-none-eabi/lib/thumb/v7-m/libc_nano.a(lib_a-memset.o)

.debug_loc      0x0000000000000000     0x5de6
 .debug_loc     0x0000000000000000       0x59 build/main.o
 .debug_loc     0x0000000000000059       0x2c build/gpio.o
 .debug_loc     0x0000000000000085       0xf8 build/i2c.o
 .debug_loc     0x000000000000017d      0x365 build/OLED_SSD1306.o
 .debug_loc     0x00000000000004e2       0x20 build/stm32f1xx_it.o
 .debug_loc     0x0000000000000502       0x2c build/stm32f1xx_hal_msp.o
 .debug_loc     0x000000000000052e     0x42de build/stm32f1xx_hal_i2c.o
 .debug_loc     0x000000000000480c      0x1b0 build/stm32f1xx_hal.o
 .debug_loc     0x00000000000049bc      0x62d build/stm32f1xx_hal_rcc.o
 .debug_loc     0x0000000000004fe9      0x42e build/stm32f1xx_hal_gpio.o
 .debug_loc     0x0000000000005417      0x685 build/stm32f1xx_hal_cortex.o
 .debug_loc     0x0000000000005a9c       0xdf build/system_stm32f1xx.o
 .debug_loc     0x0000000000005b7b       0xae /usr/lib/gcc/arm-none-eabi/6.3.1/../../../arm-none-eabi/lib/thumb/v7-m/libc_nano.a(lib_a-init.o)
 .debug_loc     0x0000000000005c29      0x1bd /usr/lib/gcc/arm-none-eabi/6.3.1/../../../arm-none-eabi/lib/thumb/v7-m/libc_nano.a(lib_a-memset.o)

.debug_aranges  0x0000000000000000      0x6d0
 .debug_aranges
                0x0000000000000000       0x30 build/main.o
 .debug_aranges
                0x0000000000000030       0x20 build/gpio.o
 .debug_aranges
                0x0000000000000050       0x30 build/i2c.o
 .debug_aranges
                0x0000000000000080       0x58 build/OLED_SSD1306.o
 .debug_aranges
                0x00000000000000d8       0x60 build/stm32f1xx_it.o
 .debug_aranges
                0x0000000000000138       0x20 build/stm32f1xx_hal_msp.o
 .debug_aranges
                0x0000000000000158      0x290 build/stm32f1xx_hal_i2c.o
 .debug_aranges
                0x00000000000003e8       0xe0 build/stm32f1xx_hal.o
 .debug_aranges
                0x00000000000004c8       0x90 build/stm32f1xx_hal_rcc.o
 .debug_aranges
                0x0000000000000558       0x58 build/stm32f1xx_hal_gpio.o
 .debug_aranges
                0x00000000000005b0       0x90 build/stm32f1xx_hal_cortex.o
 .debug_aranges
                0x0000000000000640       0x28 build/system_stm32f1xx.o
 .debug_aranges
                0x0000000000000668       0x28 build/startup_stm32f103xe.o
 .debug_aranges
                0x0000000000000690       0x20 /usr/lib/gcc/arm-none-eabi/6.3.1/../../../arm-none-eabi/lib/thumb/v7-m/libc_nano.a(lib_a-init.o)
 .debug_aranges
                0x00000000000006b0       0x20 /usr/lib/gcc/arm-none-eabi/6.3.1/../../../arm-none-eabi/lib/thumb/v7-m/libc_nano.a(lib_a-memset.o)

.debug_ranges   0x0000000000000000      0x690
 .debug_ranges  0x0000000000000000       0x20 build/main.o
 .debug_ranges  0x0000000000000020       0x10 build/gpio.o
 .debug_ranges  0x0000000000000030       0x20 build/i2c.o
 .debug_ranges  0x0000000000000050       0x78 build/OLED_SSD1306.o
 .debug_ranges  0x00000000000000c8       0x50 build/stm32f1xx_it.o
 .debug_ranges  0x0000000000000118       0x10 build/stm32f1xx_hal_msp.o
 .debug_ranges  0x0000000000000128      0x298 build/stm32f1xx_hal_i2c.o
 .debug_ranges  0x00000000000003c0       0xd0 build/stm32f1xx_hal.o
 .debug_ranges  0x0000000000000490       0xa0 build/stm32f1xx_hal_rcc.o
 .debug_ranges  0x0000000000000530       0x48 build/stm32f1xx_hal_gpio.o
 .debug_ranges  0x0000000000000578       0xe0 build/stm32f1xx_hal_cortex.o
 .debug_ranges  0x0000000000000658       0x18 build/system_stm32f1xx.o
 .debug_ranges  0x0000000000000670       0x20 build/startup_stm32f103xe.o

.debug_line     0x0000000000000000     0x3514
 .debug_line    0x0000000000000000      0x210 build/main.o
 .debug_line    0x0000000000000210      0x13b build/gpio.o
 .debug_line    0x000000000000034b      0x1e8 build/i2c.o
 .debug_line    0x0000000000000533      0x286 build/OLED_SSD1306.o
 .debug_line    0x00000000000007b9      0x1b2 build/stm32f1xx_it.o
 .debug_line    0x000000000000096b      0x14a build/stm32f1xx_hal_msp.o
 .debug_line    0x0000000000000ab5     0x17ee build/stm32f1xx_hal_i2c.o
 .debug_line    0x00000000000022a3      0x354 build/stm32f1xx_hal.o
 .debug_line    0x00000000000025f7      0x48c build/stm32f1xx_hal_rcc.o
 .debug_line    0x0000000000002a83      0x335 build/stm32f1xx_hal_gpio.o
 .debug_line    0x0000000000002db8      0x328 build/stm32f1xx_hal_cortex.o
 .debug_line    0x00000000000030e0      0x193 build/system_stm32f1xx.o
 .debug_line    0x0000000000003273       0x72 build/startup_stm32f103xe.o
 .debug_line    0x00000000000032e5       0xb9 /usr/lib/gcc/arm-none-eabi/6.3.1/../../../arm-none-eabi/lib/thumb/v7-m/libc_nano.a(lib_a-init.o)
 .debug_line    0x000000000000339e      0x176 /usr/lib/gcc/arm-none-eabi/6.3.1/../../../arm-none-eabi/lib/thumb/v7-m/libc_nano.a(lib_a-memset.o)

.debug_str      0x0000000000000000     0x263b
 .debug_str     0x0000000000000000      0x7e3 build/main.o
                                        0x88c (size before relaxing)
 .debug_str     0x00000000000007e3       0x51 build/gpio.o
                                        0x27c (size before relaxing)
 .debug_str     0x0000000000000834       0x9e build/i2c.o
                                        0x7cd (size before relaxing)
 .debug_str     0x00000000000008d2       0x95 build/OLED_SSD1306.o
                                        0x77f (size before relaxing)
 .debug_str     0x0000000000000967       0xaf build/stm32f1xx_it.o
                                        0x2cd (size before relaxing)
 .debug_str     0x0000000000000a16       0x52 build/stm32f1xx_hal_msp.o
                                        0x2b6 (size before relaxing)
 .debug_str     0x0000000000000a68      0x8ce build/stm32f1xx_hal_i2c.o
                                        0xfff (size before relaxing)
 .debug_str     0x0000000000001336      0x620 build/stm32f1xx_hal.o
                                        0x90d (size before relaxing)
 .debug_str     0x0000000000001956      0x1d1 build/stm32f1xx_hal_rcc.o
                                        0x67e (size before relaxing)
 .debug_str     0x0000000000001b27      0x145 build/stm32f1xx_hal_gpio.o
                                        0x49c (size before relaxing)
 .debug_str     0x0000000000001c6c      0x3b8 build/stm32f1xx_hal_cortex.o
                                        0xa2f (size before relaxing)
 .debug_str     0x0000000000002024       0x4a build/system_stm32f1xx.o
                                        0x30b (size before relaxing)
 .debug_str     0x000000000000206e      0x153 /usr/lib/gcc/arm-none-eabi/6.3.1/../../../arm-none-eabi/lib/thumb/v7-m/libc_nano.a(lib_a-init.o)
                                        0x1f7 (size before relaxing)
 .debug_str     0x00000000000021c1      0x47a /usr/lib/gcc/arm-none-eabi/6.3.1/../../../arm-none-eabi/lib/thumb/v7-m/libc_nano.a(lib_a-memset.o)
                                        0x5be (size before relaxing)

.debug_frame    0x0000000000000000     0x1354
 .debug_frame   0x0000000000000000       0x60 build/main.o
 .debug_frame   0x0000000000000060       0x28 build/gpio.o
 .debug_frame   0x0000000000000088       0x6c build/i2c.o
 .debug_frame   0x00000000000000f4      0x104 build/OLED_SSD1306.o
 .debug_frame   0x00000000000001f8       0xac build/stm32f1xx_it.o
 .debug_frame   0x00000000000002a4       0x28 build/stm32f1xx_hal_msp.o
 .debug_frame   0x00000000000002cc      0xa10 build/stm32f1xx_hal_i2c.o
 .debug_frame   0x0000000000000cdc      0x1e4 build/stm32f1xx_hal.o
 .debug_frame   0x0000000000000ec0      0x1c4 build/stm32f1xx_hal_rcc.o
 .debug_frame   0x0000000000001084      0x104 build/stm32f1xx_hal_gpio.o
 .debug_frame   0x0000000000001188      0x13c build/stm32f1xx_hal_cortex.o
 .debug_frame   0x00000000000012c4       0x30 build/system_stm32f1xx.o
 .debug_frame   0x00000000000012f4       0x2c /usr/lib/gcc/arm-none-eabi/6.3.1/../../../arm-none-eabi/lib/thumb/v7-m/libc_nano.a(lib_a-init.o)
 .debug_frame   0x0000000000001320       0x34 /usr/lib/gcc/arm-none-eabi/6.3.1/../../../arm-none-eabi/lib/thumb/v7-m/libc_nano.a(lib_a-memset.o)

Cross Reference Table

Symbol                                            File
ADC1_2_IRQHandler                                 build/startup_stm32f103xe.o
ADC3_IRQHandler                                   build/startup_stm32f103xe.o
AHBPrescTable                                     build/system_stm32f1xx.o
                                                  build/stm32f1xx_hal_rcc.o
APBPrescTable                                     build/system_stm32f1xx.o
                                                  build/stm32f1xx_hal_rcc.o
ASCII_8x16                                        build/OLED_SSD1306.o
BusFault_Handler                                  build/stm32f1xx_it.o
CAN1_RX1_IRQHandler                               build/startup_stm32f103xe.o
CAN1_SCE_IRQHandler                               build/startup_stm32f103xe.o
DMA1_Channel1_IRQHandler                          build/startup_stm32f103xe.o
DMA1_Channel2_IRQHandler                          build/startup_stm32f103xe.o
DMA1_Channel3_IRQHandler                          build/startup_stm32f103xe.o
DMA1_Channel4_IRQHandler                          build/startup_stm32f103xe.o
DMA1_Channel5_IRQHandler                          build/startup_stm32f103xe.o
DMA1_Channel6_IRQHandler                          build/startup_stm32f103xe.o
DMA1_Channel7_IRQHandler                          build/startup_stm32f103xe.o
DMA2_Channel1_IRQHandler                          build/startup_stm32f103xe.o
DMA2_Channel2_IRQHandler                          build/startup_stm32f103xe.o
DMA2_Channel3_IRQHandler                          build/startup_stm32f103xe.o
DMA2_Channel4_5_IRQHandler                        build/startup_stm32f103xe.o
DebugMon_Handler                                  build/stm32f1xx_it.o
Default_Handler                                   build/startup_stm32f103xe.o
EXTI0_IRQHandler                                  build/startup_stm32f103xe.o
EXTI15_10_IRQHandler                              build/startup_stm32f103xe.o
EXTI1_IRQHandler                                  build/startup_stm32f103xe.o
EXTI2_IRQHandler                                  build/startup_stm32f103xe.o
EXTI3_IRQHandler                                  build/startup_stm32f103xe.o
EXTI4_IRQHandler                                  build/startup_stm32f103xe.o
EXTI9_5_IRQHandler                                build/startup_stm32f103xe.o
Error_Handler                                     build/main.o
                                                  build/i2c.o
FLASH_IRQHandler                                  build/startup_stm32f103xe.o
FLASH_PageErase                                   build/stm32f1xx_hal_flash_ex.o
                                                  build/stm32f1xx_hal_flash.o
FLASH_WaitForLastOperation                        build/stm32f1xx_hal_flash.o
                                                  build/stm32f1xx_hal_flash_ex.o
FSMC_IRQHandler                                   build/startup_stm32f103xe.o
HAL_DBGMCU_DisableDBGSleepMode                    build/stm32f1xx_hal.o
HAL_DBGMCU_DisableDBGStandbyMode                  build/stm32f1xx_hal.o
HAL_DBGMCU_DisableDBGStopMode                     build/stm32f1xx_hal.o
HAL_DBGMCU_EnableDBGSleepMode                     build/stm32f1xx_hal.o
HAL_DBGMCU_EnableDBGStandbyMode                   build/stm32f1xx_hal.o
HAL_DBGMCU_EnableDBGStopMode                      build/stm32f1xx_hal.o
HAL_DMA_Abort                                     build/stm32f1xx_hal_dma.o
HAL_DMA_Abort_IT                                  build/stm32f1xx_hal_dma.o
                                                  build/stm32f1xx_hal_i2c.o
HAL_DMA_DeInit                                    build/stm32f1xx_hal_dma.o
HAL_DMA_GetError                                  build/stm32f1xx_hal_dma.o
HAL_DMA_GetState                                  build/stm32f1xx_hal_dma.o
                                                  build/stm32f1xx_hal_i2c.o
HAL_DMA_IRQHandler                                build/stm32f1xx_hal_dma.o
HAL_DMA_Init                                      build/stm32f1xx_hal_dma.o
HAL_DMA_PollForTransfer                           build/stm32f1xx_hal_dma.o
HAL_DMA_RegisterCallback                          build/stm32f1xx_hal_dma.o
HAL_DMA_Start                                     build/stm32f1xx_hal_dma.o
HAL_DMA_Start_IT                                  build/stm32f1xx_hal_dma.o
                                                  build/stm32f1xx_hal_i2c.o
HAL_DMA_UnRegisterCallback                        build/stm32f1xx_hal_dma.o
HAL_DeInit                                        build/stm32f1xx_hal.o
HAL_Delay                                         build/stm32f1xx_hal.o
                                                  build/OLED_SSD1306.o
HAL_EXTI_ClearConfigLine                          build/stm32f1xx_hal_exti.o
HAL_EXTI_ClearPending                             build/stm32f1xx_hal_exti.o
HAL_EXTI_GenerateSWI                              build/stm32f1xx_hal_exti.o
HAL_EXTI_GetConfigLine                            build/stm32f1xx_hal_exti.o
HAL_EXTI_GetHandle                                build/stm32f1xx_hal_exti.o
HAL_EXTI_GetPending                               build/stm32f1xx_hal_exti.o
HAL_EXTI_IRQHandler                               build/stm32f1xx_hal_exti.o
HAL_EXTI_RegisterCallback                         build/stm32f1xx_hal_exti.o
HAL_EXTI_SetConfigLine                            build/stm32f1xx_hal_exti.o
HAL_FLASHEx_Erase                                 build/stm32f1xx_hal_flash_ex.o
HAL_FLASHEx_Erase_IT                              build/stm32f1xx_hal_flash_ex.o
HAL_FLASHEx_OBErase                               build/stm32f1xx_hal_flash_ex.o
HAL_FLASHEx_OBGetConfig                           build/stm32f1xx_hal_flash_ex.o
HAL_FLASHEx_OBGetUserData                         build/stm32f1xx_hal_flash_ex.o
HAL_FLASHEx_OBProgram                             build/stm32f1xx_hal_flash_ex.o
HAL_FLASH_EndOfOperationCallback                  build/stm32f1xx_hal_flash.o
HAL_FLASH_GetError                                build/stm32f1xx_hal_flash.o
HAL_FLASH_IRQHandler                              build/stm32f1xx_hal_flash.o
HAL_FLASH_Lock                                    build/stm32f1xx_hal_flash.o
HAL_FLASH_OB_Launch                               build/stm32f1xx_hal_flash.o
HAL_FLASH_OB_Lock                                 build/stm32f1xx_hal_flash.o
HAL_FLASH_OB_Unlock                               build/stm32f1xx_hal_flash.o
HAL_FLASH_OperationErrorCallback                  build/stm32f1xx_hal_flash.o
HAL_FLASH_Program                                 build/stm32f1xx_hal_flash.o
HAL_FLASH_Program_IT                              build/stm32f1xx_hal_flash.o
HAL_FLASH_Unlock                                  build/stm32f1xx_hal_flash.o
HAL_GPIOEx_ConfigEventout                         build/stm32f1xx_hal_gpio_ex.o
HAL_GPIOEx_DisableEventout                        build/stm32f1xx_hal_gpio_ex.o
HAL_GPIOEx_EnableEventout                         build/stm32f1xx_hal_gpio_ex.o
HAL_GPIO_DeInit                                   build/stm32f1xx_hal_gpio.o
                                                  build/i2c.o
HAL_GPIO_EXTI_Callback                            build/stm32f1xx_hal_gpio.o
HAL_GPIO_EXTI_IRQHandler                          build/stm32f1xx_hal_gpio.o
HAL_GPIO_Init                                     build/stm32f1xx_hal_gpio.o
                                                  build/stm32f1xx_hal_rcc.o
                                                  build/i2c.o
HAL_GPIO_LockPin                                  build/stm32f1xx_hal_gpio.o
HAL_GPIO_ReadPin                                  build/stm32f1xx_hal_gpio.o
HAL_GPIO_TogglePin                                build/stm32f1xx_hal_gpio.o
HAL_GPIO_WritePin                                 build/stm32f1xx_hal_gpio.o
HAL_GetDEVID                                      build/stm32f1xx_hal.o
HAL_GetHalVersion                                 build/stm32f1xx_hal.o
HAL_GetREVID                                      build/stm32f1xx_hal.o
HAL_GetTick                                       build/stm32f1xx_hal.o
                                                  build/stm32f1xx_hal_flash.o
                                                  build/stm32f1xx_hal_dma.o
                                                  build/stm32f1xx_hal_rcc_ex.o
                                                  build/stm32f1xx_hal_rcc.o
                                                  build/stm32f1xx_hal_i2c.o
HAL_GetTickFreq                                   build/stm32f1xx_hal.o
HAL_GetTickPrio                                   build/stm32f1xx_hal.o
HAL_GetUIDw0                                      build/stm32f1xx_hal.o
HAL_GetUIDw1                                      build/stm32f1xx_hal.o
HAL_GetUIDw2                                      build/stm32f1xx_hal.o
HAL_I2C_AbortCpltCallback                         build/stm32f1xx_hal_i2c.o
HAL_I2C_AddrCallback                              build/stm32f1xx_hal_i2c.o
HAL_I2C_DeInit                                    build/stm32f1xx_hal_i2c.o
HAL_I2C_DisableListen_IT                          build/stm32f1xx_hal_i2c.o
HAL_I2C_ER_IRQHandler                             build/stm32f1xx_hal_i2c.o
HAL_I2C_EV_IRQHandler                             build/stm32f1xx_hal_i2c.o
HAL_I2C_EnableListen_IT                           build/stm32f1xx_hal_i2c.o
HAL_I2C_ErrorCallback                             build/stm32f1xx_hal_i2c.o
HAL_I2C_GetError                                  build/stm32f1xx_hal_i2c.o
HAL_I2C_GetMode                                   build/stm32f1xx_hal_i2c.o
HAL_I2C_GetState                                  build/stm32f1xx_hal_i2c.o
HAL_I2C_Init                                      build/stm32f1xx_hal_i2c.o
                                                  build/i2c.o
HAL_I2C_IsDeviceReady                             build/stm32f1xx_hal_i2c.o
HAL_I2C_ListenCpltCallback                        build/stm32f1xx_hal_i2c.o
HAL_I2C_MasterRxCpltCallback                      build/stm32f1xx_hal_i2c.o
HAL_I2C_MasterTxCpltCallback                      build/stm32f1xx_hal_i2c.o
HAL_I2C_Master_Abort_IT                           build/stm32f1xx_hal_i2c.o
HAL_I2C_Master_Receive                            build/stm32f1xx_hal_i2c.o
HAL_I2C_Master_Receive_DMA                        build/stm32f1xx_hal_i2c.o
HAL_I2C_Master_Receive_IT                         build/stm32f1xx_hal_i2c.o
HAL_I2C_Master_Seq_Receive_DMA                    build/stm32f1xx_hal_i2c.o
HAL_I2C_Master_Seq_Receive_IT                     build/stm32f1xx_hal_i2c.o
HAL_I2C_Master_Seq_Transmit_DMA                   build/stm32f1xx_hal_i2c.o
HAL_I2C_Master_Seq_Transmit_IT                    build/stm32f1xx_hal_i2c.o
HAL_I2C_Master_Transmit                           build/stm32f1xx_hal_i2c.o
HAL_I2C_Master_Transmit_DMA                       build/stm32f1xx_hal_i2c.o
HAL_I2C_Master_Transmit_IT                        build/stm32f1xx_hal_i2c.o
HAL_I2C_MemRxCpltCallback                         build/stm32f1xx_hal_i2c.o
HAL_I2C_MemTxCpltCallback                         build/stm32f1xx_hal_i2c.o
HAL_I2C_Mem_Read                                  build/stm32f1xx_hal_i2c.o
HAL_I2C_Mem_Read_DMA                              build/stm32f1xx_hal_i2c.o
HAL_I2C_Mem_Read_IT                               build/stm32f1xx_hal_i2c.o
HAL_I2C_Mem_Write                                 build/stm32f1xx_hal_i2c.o
                                                  build/OLED_SSD1306.o
HAL_I2C_Mem_Write_DMA                             build/stm32f1xx_hal_i2c.o
HAL_I2C_Mem_Write_IT                              build/stm32f1xx_hal_i2c.o
HAL_I2C_MspDeInit                                 build/i2c.o
HAL_I2C_MspInit                                   build/i2c.o
HAL_I2C_SlaveRxCpltCallback                       build/stm32f1xx_hal_i2c.o
HAL_I2C_SlaveTxCpltCallback                       build/stm32f1xx_hal_i2c.o
HAL_I2C_Slave_Receive                             build/stm32f1xx_hal_i2c.o
HAL_I2C_Slave_Receive_DMA                         build/stm32f1xx_hal_i2c.o
HAL_I2C_Slave_Receive_IT                          build/stm32f1xx_hal_i2c.o
HAL_I2C_Slave_Seq_Receive_DMA                     build/stm32f1xx_hal_i2c.o
HAL_I2C_Slave_Seq_Receive_IT                      build/stm32f1xx_hal_i2c.o
HAL_I2C_Slave_Seq_Transmit_DMA                    build/stm32f1xx_hal_i2c.o
HAL_I2C_Slave_Seq_Transmit_IT                     build/stm32f1xx_hal_i2c.o
HAL_I2C_Slave_Transmit                            build/stm32f1xx_hal_i2c.o
HAL_I2C_Slave_Transmit_DMA                        build/stm32f1xx_hal_i2c.o
HAL_I2C_Slave_Transmit_IT                         build/stm32f1xx_hal_i2c.o
HAL_IncTick                                       build/stm32f1xx_hal.o
                                                  build/stm32f1xx_it.o
HAL_Init                                          build/stm32f1xx_hal.o
                                                  build/main.o
HAL_InitTick                                      build/stm32f1xx_hal.o
                                                  build/stm32f1xx_hal_rcc.o
HAL_MspDeInit                                     build/stm32f1xx_hal.o
HAL_MspInit                                       build/stm32f1xx_hal_msp.o
HAL_NVIC_ClearPendingIRQ                          build/stm32f1xx_hal_cortex.o
HAL_NVIC_DisableIRQ                               build/stm32f1xx_hal_cortex.o
HAL_NVIC_EnableIRQ                                build/stm32f1xx_hal_cortex.o
HAL_NVIC_GetActive                                build/stm32f1xx_hal_cortex.o
HAL_NVIC_GetPendingIRQ                            build/stm32f1xx_hal_cortex.o
HAL_NVIC_GetPriority                              build/stm32f1xx_hal_cortex.o
HAL_NVIC_GetPriorityGrouping                      build/stm32f1xx_hal_cortex.o
HAL_NVIC_SetPendingIRQ                            build/stm32f1xx_hal_cortex.o
HAL_NVIC_SetPriority                              build/stm32f1xx_hal_cortex.o
                                                  build/stm32f1xx_hal.o
HAL_NVIC_SetPriorityGrouping                      build/stm32f1xx_hal_cortex.o
                                                  build/stm32f1xx_hal.o
HAL_NVIC_SystemReset                              build/stm32f1xx_hal_cortex.o
                                                  build/stm32f1xx_hal_flash.o
HAL_PWR_ConfigPVD                                 build/stm32f1xx_hal_pwr.o
HAL_PWR_DeInit                                    build/stm32f1xx_hal_pwr.o
HAL_PWR_DisableBkUpAccess                         build/stm32f1xx_hal_pwr.o
HAL_PWR_DisablePVD                                build/stm32f1xx_hal_pwr.o
HAL_PWR_DisableSEVOnPend                          build/stm32f1xx_hal_pwr.o
HAL_PWR_DisableSleepOnExit                        build/stm32f1xx_hal_pwr.o
HAL_PWR_DisableWakeUpPin                          build/stm32f1xx_hal_pwr.o
HAL_PWR_EnableBkUpAccess                          build/stm32f1xx_hal_pwr.o
HAL_PWR_EnablePVD                                 build/stm32f1xx_hal_pwr.o
HAL_PWR_EnableSEVOnPend                           build/stm32f1xx_hal_pwr.o
HAL_PWR_EnableSleepOnExit                         build/stm32f1xx_hal_pwr.o
HAL_PWR_EnableWakeUpPin                           build/stm32f1xx_hal_pwr.o
HAL_PWR_EnterSLEEPMode                            build/stm32f1xx_hal_pwr.o
HAL_PWR_EnterSTANDBYMode                          build/stm32f1xx_hal_pwr.o
HAL_PWR_EnterSTOPMode                             build/stm32f1xx_hal_pwr.o
HAL_PWR_PVDCallback                               build/stm32f1xx_hal_pwr.o
HAL_PWR_PVD_IRQHandler                            build/stm32f1xx_hal_pwr.o
HAL_RCCEx_GetPeriphCLKConfig                      build/stm32f1xx_hal_rcc_ex.o
HAL_RCCEx_GetPeriphCLKFreq                        build/stm32f1xx_hal_rcc_ex.o
HAL_RCCEx_PeriphCLKConfig                         build/stm32f1xx_hal_rcc_ex.o
HAL_RCC_CSSCallback                               build/stm32f1xx_hal_rcc.o
HAL_RCC_ClockConfig                               build/stm32f1xx_hal_rcc.o
                                                  build/main.o
HAL_RCC_DeInit                                    build/stm32f1xx_hal_rcc.o
HAL_RCC_DisableCSS                                build/stm32f1xx_hal_rcc.o
HAL_RCC_EnableCSS                                 build/stm32f1xx_hal_rcc.o
HAL_RCC_GetClockConfig                            build/stm32f1xx_hal_rcc.o
HAL_RCC_GetHCLKFreq                               build/stm32f1xx_hal_rcc.o
HAL_RCC_GetOscConfig                              build/stm32f1xx_hal_rcc.o
HAL_RCC_GetPCLK1Freq                              build/stm32f1xx_hal_rcc.o
                                                  build/stm32f1xx_hal_i2c.o
HAL_RCC_GetPCLK2Freq                              build/stm32f1xx_hal_rcc.o
                                                  build/stm32f1xx_hal_rcc_ex.o
HAL_RCC_GetSysClockFreq                           build/stm32f1xx_hal_rcc.o
                                                  build/stm32f1xx_hal_rcc_ex.o
HAL_RCC_MCOConfig                                 build/stm32f1xx_hal_rcc.o
HAL_RCC_NMI_IRQHandler                            build/stm32f1xx_hal_rcc.o
HAL_RCC_OscConfig                                 build/stm32f1xx_hal_rcc.o
                                                  build/main.o
HAL_ResumeTick                                    build/stm32f1xx_hal.o
HAL_SYSTICK_CLKSourceConfig                       build/stm32f1xx_hal_cortex.o
HAL_SYSTICK_Callback                              build/stm32f1xx_hal_cortex.o
HAL_SYSTICK_Config                                build/stm32f1xx_hal_cortex.o
                                                  build/stm32f1xx_hal.o
HAL_SYSTICK_IRQHandler                            build/stm32f1xx_hal_cortex.o
HAL_SetTickFreq                                   build/stm32f1xx_hal.o
HAL_SuspendTick                                   build/stm32f1xx_hal.o
HardFault_Handler                                 build/stm32f1xx_it.o
I2C1_ER_IRQHandler                                build/startup_stm32f103xe.o
I2C1_EV_IRQHandler                                build/startup_stm32f103xe.o
I2C2_ER_IRQHandler                                build/startup_stm32f103xe.o
I2C2_EV_IRQHandler                                build/startup_stm32f103xe.o
Init_Data                                         build/OLED_SSD1306.o
MX_GPIO_Init                                      build/gpio.o
                                                  build/main.o
MX_I2C1_Init                                      build/i2c.o
                                                  build/main.o
MemManage_Handler                                 build/stm32f1xx_it.o
NMI_Handler                                       build/stm32f1xx_it.o
OLED_Display_Char                                 build/OLED_SSD1306.o
OLED_Display_String                               build/OLED_SSD1306.o
                                                  build/main.o
OLED_Init                                         build/OLED_SSD1306.o
                                                  build/main.o
OLED_Write_Data                                   build/OLED_SSD1306.o
OLED_Write_Order                                  build/OLED_SSD1306.o
OLED_clear                                        build/OLED_SSD1306.o
                                                  build/main.o
OLED_close                                        build/OLED_SSD1306.o
OLED_open                                         build/OLED_SSD1306.o
                                                  build/main.o
PVD_IRQHandler                                    build/startup_stm32f103xe.o
PendSV_Handler                                    build/stm32f1xx_it.o
RCC_IRQHandler                                    build/startup_stm32f103xe.o
RTC_Alarm_IRQHandler                              build/startup_stm32f103xe.o
RTC_IRQHandler                                    build/startup_stm32f103xe.o
Reset_Handler                                     build/startup_stm32f103xe.o
SDIO_IRQHandler                                   build/startup_stm32f103xe.o
SPI1_IRQHandler                                   build/startup_stm32f103xe.o
SPI2_IRQHandler                                   build/startup_stm32f103xe.o
SPI3_IRQHandler                                   build/startup_stm32f103xe.o
SVC_Handler                                       build/stm32f1xx_it.o
SysTick_Handler                                   build/stm32f1xx_it.o
SystemClock_Config                                build/main.o
SystemCoreClock                                   build/system_stm32f1xx.o
                                                  build/stm32f1xx_hal_rcc.o
                                                  build/stm32f1xx_hal.o
                                                  build/stm32f1xx_hal_i2c.o
SystemCoreClockUpdate                             build/system_stm32f1xx.o
SystemInit                                        build/system_stm32f1xx.o
                                                  build/startup_stm32f103xe.o
TAMPER_IRQHandler                                 build/startup_stm32f103xe.o
TIM1_BRK_IRQHandler                               build/startup_stm32f103xe.o
TIM1_CC_IRQHandler                                build/startup_stm32f103xe.o
TIM1_TRG_COM_IRQHandler                           build/startup_stm32f103xe.o
TIM1_UP_IRQHandler                                build/startup_stm32f103xe.o
TIM2_IRQHandler                                   build/startup_stm32f103xe.o
TIM3_IRQHandler                                   build/startup_stm32f103xe.o
TIM4_IRQHandler                                   build/startup_stm32f103xe.o
TIM5_IRQHandler                                   build/startup_stm32f103xe.o
TIM6_IRQHandler                                   build/startup_stm32f103xe.o
TIM7_IRQHandler                                   build/startup_stm32f103xe.o
TIM8_BRK_IRQHandler                               build/startup_stm32f103xe.o
TIM8_CC_IRQHandler                                build/startup_stm32f103xe.o
TIM8_TRG_COM_IRQHandler                           build/startup_stm32f103xe.o
TIM8_UP_IRQHandler                                build/startup_stm32f103xe.o
UART4_IRQHandler                                  build/startup_stm32f103xe.o
UART5_IRQHandler                                  build/startup_stm32f103xe.o
USART1_IRQHandler                                 build/startup_stm32f103xe.o
USART2_IRQHandler                                 build/startup_stm32f103xe.o
USART3_IRQHandler                                 build/startup_stm32f103xe.o
USBWakeUp_IRQHandler                              build/startup_stm32f103xe.o
USB_HP_CAN1_TX_IRQHandler                         build/startup_stm32f103xe.o
USB_LP_CAN1_RX0_IRQHandler                        build/startup_stm32f103xe.o
UsageFault_Handler                                build/stm32f1xx_it.o
WWDG_IRQHandler                                   build/startup_stm32f103xe.o
_ITM_deregisterTMCloneTable                       /usr/lib/gcc/arm-none-eabi/6.3.1/thumb/v7-m/crtbegin.o
_ITM_registerTMCloneTable                         /usr/lib/gcc/arm-none-eabi/6.3.1/thumb/v7-m/crtbegin.o
_Jv_RegisterClasses                               /usr/lib/gcc/arm-none-eabi/6.3.1/thumb/v7-m/crtbegin.o
__TMC_END__                                       /usr/lib/gcc/arm-none-eabi/6.3.1/thumb/v7-m/crtend.o
                                                  /usr/lib/gcc/arm-none-eabi/6.3.1/thumb/v7-m/crtbegin.o
__atexit_dummy                                    /usr/lib/gcc/arm-none-eabi/6.3.1/../../../arm-none-eabi/lib/thumb/v7-m/libc_nano.a(lib_a-__atexit.o)
__bss_end__                                       /usr/lib/gcc/arm-none-eabi/6.3.1/../../../arm-none-eabi/lib/thumb/v7-m/crt0.o
__bss_start__                                     /usr/lib/gcc/arm-none-eabi/6.3.1/../../../arm-none-eabi/lib/thumb/v7-m/crt0.o
__call_exitprocs                                  /usr/lib/gcc/arm-none-eabi/6.3.1/../../../arm-none-eabi/lib/thumb/v7-m/libc_nano.a(lib_a-__call_atexit.o)
                                                  /usr/lib/gcc/arm-none-eabi/6.3.1/../../../arm-none-eabi/lib/thumb/v7-m/libc_nano.a(lib_a-__atexit.o)
                                                  /usr/lib/gcc/arm-none-eabi/6.3.1/../../../arm-none-eabi/lib/thumb/v7-m/libc_nano.a(lib_a-exit.o)
__deregister_frame_info                           /usr/lib/gcc/arm-none-eabi/6.3.1/thumb/v7-m/crtbegin.o
__dso_handle                                      /usr/lib/gcc/arm-none-eabi/6.3.1/thumb/v7-m/crtbegin.o
__fini_array_end                                  /usr/lib/gcc/arm-none-eabi/6.3.1/../../../arm-none-eabi/lib/thumb/v7-m/libc_nano.a(lib_a-fini.o)
__fini_array_start                                /usr/lib/gcc/arm-none-eabi/6.3.1/../../../arm-none-eabi/lib/thumb/v7-m/libc_nano.a(lib_a-fini.o)
__init_array_end                                  /usr/lib/gcc/arm-none-eabi/6.3.1/../../../arm-none-eabi/lib/thumb/v7-m/libc_nano.a(lib_a-init.o)
__init_array_start                                /usr/lib/gcc/arm-none-eabi/6.3.1/../../../arm-none-eabi/lib/thumb/v7-m/libc_nano.a(lib_a-init.o)
__libc_fini_array                                 /usr/lib/gcc/arm-none-eabi/6.3.1/../../../arm-none-eabi/lib/thumb/v7-m/libc_nano.a(lib_a-fini.o)
                                                  /usr/lib/gcc/arm-none-eabi/6.3.1/../../../arm-none-eabi/lib/thumb/v7-m/crt0.o
__libc_init_array                                 /usr/lib/gcc/arm-none-eabi/6.3.1/../../../arm-none-eabi/lib/thumb/v7-m/libc_nano.a(lib_a-init.o)
                                                  build/startup_stm32f103xe.o
                                                  /usr/lib/gcc/arm-none-eabi/6.3.1/../../../arm-none-eabi/lib/thumb/v7-m/crt0.o
__on_exit_args                                    /usr/lib/gcc/arm-none-eabi/6.3.1/../../../arm-none-eabi/lib/thumb/v7-m/libc_nano.a(lib_a-__atexit.o)
__preinit_array_end                               /usr/lib/gcc/arm-none-eabi/6.3.1/../../../arm-none-eabi/lib/thumb/v7-m/libc_nano.a(lib_a-init.o)
__preinit_array_start                             /usr/lib/gcc/arm-none-eabi/6.3.1/../../../arm-none-eabi/lib/thumb/v7-m/libc_nano.a(lib_a-init.o)
__register_exitproc                               /usr/lib/gcc/arm-none-eabi/6.3.1/../../../arm-none-eabi/lib/thumb/v7-m/libc_nano.a(lib_a-__atexit.o)
                                                  /usr/lib/gcc/arm-none-eabi/6.3.1/../../../arm-none-eabi/lib/thumb/v7-m/libc_nano.a(lib_a-atexit.o)
__register_frame_info                             /usr/lib/gcc/arm-none-eabi/6.3.1/thumb/v7-m/crtbegin.o
__sf_fake_stderr                                  /usr/lib/gcc/arm-none-eabi/6.3.1/../../../arm-none-eabi/lib/thumb/v7-m/libc_nano.a(lib_a-impure.o)
__sf_fake_stdin                                   /usr/lib/gcc/arm-none-eabi/6.3.1/../../../arm-none-eabi/lib/thumb/v7-m/libc_nano.a(lib_a-impure.o)
__sf_fake_stdout                                  /usr/lib/gcc/arm-none-eabi/6.3.1/../../../arm-none-eabi/lib/thumb/v7-m/libc_nano.a(lib_a-impure.o)
__stack                                           /usr/lib/gcc/arm-none-eabi/6.3.1/../../../arm-none-eabi/lib/thumb/v7-m/crt0.o
_ebss                                             build/startup_stm32f103xe.o
_edata                                            build/startup_stm32f103xe.o
_estack                                           build/startup_stm32f103xe.o
_exit                                             /usr/lib/gcc/arm-none-eabi/6.3.1/../../../arm-none-eabi/lib/thumb/v7-m/libnosys.a(_exit.o)
                                                  /usr/lib/gcc/arm-none-eabi/6.3.1/../../../arm-none-eabi/lib/thumb/v7-m/libc_nano.a(lib_a-exit.o)
_fini                                             /usr/lib/gcc/arm-none-eabi/6.3.1/thumb/v7-m/crti.o
                                                  /usr/lib/gcc/arm-none-eabi/6.3.1/../../../arm-none-eabi/lib/thumb/v7-m/libc_nano.a(lib_a-fini.o)
_global_atexit                                    /usr/lib/gcc/arm-none-eabi/6.3.1/../../../arm-none-eabi/lib/thumb/v7-m/libc_nano.a(lib_a-__call_atexit.o)
                                                  /usr/lib/gcc/arm-none-eabi/6.3.1/../../../arm-none-eabi/lib/thumb/v7-m/libc_nano.a(lib_a-__atexit.o)
_global_impure_ptr                                /usr/lib/gcc/arm-none-eabi/6.3.1/../../../arm-none-eabi/lib/thumb/v7-m/libc_nano.a(lib_a-impure.o)
                                                  /usr/lib/gcc/arm-none-eabi/6.3.1/../../../arm-none-eabi/lib/thumb/v7-m/libc_nano.a(lib_a-exit.o)
_impure_ptr                                       /usr/lib/gcc/arm-none-eabi/6.3.1/../../../arm-none-eabi/lib/thumb/v7-m/libc_nano.a(lib_a-impure.o)
_init                                             /usr/lib/gcc/arm-none-eabi/6.3.1/thumb/v7-m/crti.o
                                                  /usr/lib/gcc/arm-none-eabi/6.3.1/../../../arm-none-eabi/lib/thumb/v7-m/libc_nano.a(lib_a-init.o)
_mainCRTStartup                                   /usr/lib/gcc/arm-none-eabi/6.3.1/../../../arm-none-eabi/lib/thumb/v7-m/crt0.o
_sbss                                             build/startup_stm32f103xe.o
_sdata                                            build/startup_stm32f103xe.o
_sidata                                           build/startup_stm32f103xe.o
_start                                            /usr/lib/gcc/arm-none-eabi/6.3.1/../../../arm-none-eabi/lib/thumb/v7-m/crt0.o
atexit                                            /usr/lib/gcc/arm-none-eabi/6.3.1/../../../arm-none-eabi/lib/thumb/v7-m/libc_nano.a(lib_a-atexit.o)
                                                  /usr/lib/gcc/arm-none-eabi/6.3.1/../../../arm-none-eabi/lib/thumb/v7-m/crt0.o
exit                                              /usr/lib/gcc/arm-none-eabi/6.3.1/../../../arm-none-eabi/lib/thumb/v7-m/libc_nano.a(lib_a-exit.o)
                                                  /usr/lib/gcc/arm-none-eabi/6.3.1/../../../arm-none-eabi/lib/thumb/v7-m/crt0.o
free                                              /usr/lib/gcc/arm-none-eabi/6.3.1/../../../arm-none-eabi/lib/thumb/v7-m/libc_nano.a(lib_a-__call_atexit.o)
g_pfnVectors                                      build/startup_stm32f103xe.o
hardware_init_hook                                /usr/lib/gcc/arm-none-eabi/6.3.1/../../../arm-none-eabi/lib/thumb/v7-m/crt0.o
hi2c1                                             build/i2c.o
                                                  build/OLED_SSD1306.o
main                                              build/main.o
                                                  build/startup_stm32f103xe.o
                                                  /usr/lib/gcc/arm-none-eabi/6.3.1/../../../arm-none-eabi/lib/thumb/v7-m/crt0.o
malloc                                            /usr/lib/gcc/arm-none-eabi/6.3.1/../../../arm-none-eabi/lib/thumb/v7-m/libc_nano.a(lib_a-__atexit.o)
memset                                            /usr/lib/gcc/arm-none-eabi/6.3.1/../../../arm-none-eabi/lib/thumb/v7-m/libc_nano.a(lib_a-memset.o)
                                                  build/main.o
                                                  /usr/lib/gcc/arm-none-eabi/6.3.1/../../../arm-none-eabi/lib/thumb/v7-m/crt0.o
pFlash                                            build/stm32f1xx_hal_flash.o
                                                  build/stm32f1xx_hal_flash_ex.o
software_init_hook                                /usr/lib/gcc/arm-none-eabi/6.3.1/../../../arm-none-eabi/lib/thumb/v7-m/crt0.o
uwTick                                            build/stm32f1xx_hal.o
uwTickFreq                                        build/stm32f1xx_hal.o
uwTickPrio                                        build/stm32f1xx_hal.o
                                                  build/stm32f1xx_hal_rcc.o
